[2026-05-11T04:06:43.041Z] Fetching stats for userId: c7d0cbc3-85b3-4d8a-b140-1ca74d604b35
[2026-05-11T04:06:43.073Z] Stats for c7d0cbc3-85b3-4d8a-b140-1ca74d604b35: totalBuwoh=0, totalEventsHosted=3
[2026-05-11T04:06:43.075Z] Events found: [{"id":"201d6b83-e9e2-4f25-b44b-293609497176","title":"dfjk"},{"id":"dc70cebb-b08e-4513-8045-267d69dcb056","title":"itzjgda9"},{"id":"ec510906-94fe-4129-a8fe-7e837ea2e96c","title":"Nagab"}]
[2026-05-11T04:29:12.722Z] Fetching stats for userId: c7d0cbc3-85b3-4d8a-b140-1ca74d604b35
[2026-05-11T04:29:12.774Z] Stats for c7d0cbc3-85b3-4d8a-b140-1ca74d604b35: totalBuwoh=0, totalEventsHosted=3
[2026-05-11T04:29:12.781Z] Events found: [{"id":"201d6b83-e9e2-4f25-b44b-293609497176","title":"dfjk"},{"id":"dc70cebb-b08e-4513-8045-267d69dcb056","title":"itzjgda9"},{"id":"ec510906-94fe-4129-a8fe-7e837ea2e96c","title":"Nagab"}]
[2026-05-11T04:56:29.499Z] Fetching stats for userId: c7d0cbc3-85b3-4d8a-b140-1ca74d604b35
[2026-05-11T04:56:29.562Z] Stats for c7d0cbc3-85b3-4d8a-b140-1ca74d604b35: totalBuwoh=0, totalEventsHosted=3
[2026-05-11T04:56:29.564Z] Events found: [{"id":"201d6b83-e9e2-4f25-b44b-293609497176","title":"dfjk"},{"id":"dc70cebb-b08e-4513-8045-267d69dcb056","title":"itzjgda9"},{"id":"ec510906-94fe-4129-a8fe-7e837ea2e96c","title":"Nagab"}]
[2026-05-11T05:12:00.598Z] Fetching stats for userId: c7d0cbc3-85b3-4d8a-b140-1ca74d604b35
[2026-05-11T05:12:00.766Z] Stats for c7d0cbc3-85b3-4d8a-b140-1ca74d604b35: totalBuwoh=0, totalEventsHosted=3
[2026-05-11T05:12:00.768Z] Events found: [{"id":"201d6b83-e9e2-4f25-b44b-293609497176","title":"dfjk"},{"id":"dc70cebb-b08e-4513-8045-267d69dcb056","title":"itzjgda9"},{"id":"ec510906-94fe-4129-a8fe-7e837ea2e96c","title":"Nagab"}]
[2026-05-11T05:25:08.835Z] Fetching stats for userId: c7d0cbc3-85b3-4d8a-b140-1ca74d604b35
[2026-05-11T05:25:08.885Z] Stats for c7d0cbc3-85b3-4d8a-b140-1ca74d604b35: totalBuwoh=0, totalEventsHosted=3
[2026-05-11T05:25:08.886Z] Events found: [{"id":"201d6b83-e9e2-4f25-b44b-293609497176","title":"dfjk"},{"id":"dc70cebb-b08e-4513-8045-267d69dcb056","title":"itzjgda9"},{"id":"ec510906-94fe-4129-a8fe-7e837ea2e96c","title":"Nagab"}]
[2026-05-12T11:16:39.171Z] Fetching stats for userId: c7d0cbc3-85b3-4d8a-b140-1ca74d604b35
[2026-05-12T11:16:39.455Z] Stats for c7d0cbc3-85b3-4d8a-b140-1ca74d604b35: totalBuwoh=0, totalEventsHosted=3
[2026-05-12T11:16:39.458Z] Events found: [{"id":"201d6b83-e9e2-4f25-b44b-293609497176","title":"dfjk"},{"id":"dc70cebb-b08e-4513-8045-267d69dcb056","title":"itzjgda9"},{"id":"ec510906-94fe-4129-a8fe-7e837ea2e96c","title":"Nagab"}]
[2026-05-13T04:33:19.498Z] Fetching stats for userId: c7d0cbc3-85b3-4d8a-b140-1ca74d604b35
[2026-05-13T04:33:19.675Z] Stats for c7d0cbc3-85b3-4d8a-b140-1ca74d604b35: totalBuwoh=0, totalEventsHosted=3
[2026-05-13T04:33:19.678Z] Events found: [{"id":"201d6b83-e9e2-4f25-b44b-293609497176","title":"dfjk"},{"id":"dc70cebb-b08e-4513-8045-267d69dcb056","title":"itzjgda9"},{"id":"ec510906-94fe-4129-a8fe-7e837ea2e96c","title":"Nagab"}]
[2026-05-13T04:47:31.683Z] Fetching stats for userId: c7d0cbc3-85b3-4d8a-b140-1ca74d604b35
[2026-05-13T04:47:31.988Z] Stats for c7d0cbc3-85b3-4d8a-b140-1ca74d604b35: totalBuwoh=0, totalEventsHosted=3
[2026-05-13T04:47:31.992Z] Events found: [{"id":"201d6b83-e9e2-4f25-b44b-293609497176","title":"dfjk"},{"id":"dc70cebb-b08e-4513-8045-267d69dcb056","title":"itzjgda9"},{"id":"ec510906-94fe-4129-a8fe-7e837ea2e96c","title":"Nagab"}]
[2026-05-18T11:52:23.956Z] Fetching stats for userId: c7d0cbc3-85b3-4d8a-b140-1ca74d604b35
[2026-05-18T11:52:24.003Z] Stats for c7d0cbc3-85b3-4d8a-b140-1ca74d604b35: totalBuwoh=0, totalEventsHosted=3
[2026-05-18T11:52:24.005Z] Events found: [{"id":"201d6b83-e9e2-4f25-b44b-293609497176","title":"dfjk"},{"id":"dc70cebb-b08e-4513-8045-267d69dcb056","title":"itzjgda9"},{"id":"ec510906-94fe-4129-a8fe-7e837ea2e96c","title":"Nagab"}]
[2026-05-18T12:08:04.254Z] Fetching stats for userId: c7d0cbc3-85b3-4d8a-b140-1ca74d604b35
[2026-05-18T12:08:04.820Z] Stats for c7d0cbc3-85b3-4d8a-b140-1ca74d604b35: totalBuwoh=0, totalEventsHosted=3
[2026-05-18T12:08:04.823Z] Events found: [{"id":"201d6b83-e9e2-4f25-b44b-293609497176","title":"dfjk"},{"id":"dc70cebb-b08e-4513-8045-267d69dcb056","title":"itzjgda9"},{"id":"ec510906-94fe-4129-a8fe-7e837ea2e96c","title":"Nagab"}]
[2026-05-18T12:12:13.988Z] Fetching stats for userId: c7d0cbc3-85b3-4d8a-b140-1ca74d604b35
[2026-05-18T12:12:14.152Z] Stats for c7d0cbc3-85b3-4d8a-b140-1ca74d604b35: totalBuwoh=0, totalEventsHosted=3
[2026-05-18T12:12:14.154Z] Events found: [{"id":"201d6b83-e9e2-4f25-b44b-293609497176","title":"dfjk"},{"id":"dc70cebb-b08e-4513-8045-267d69dcb056","title":"itzjgda9"},{"id":"ec510906-94fe-4129-a8fe-7e837ea2e96c","title":"Nagab"}]
[2026-05-18T12:38:18.590Z] Fetching stats for userId: d7a169cb-9a6c-4527-b163-52e5a64dd8b8
[2026-05-18T12:38:18.634Z] Stats for d7a169cb-9a6c-4527-b163-52e5a64dd8b8: totalBuwoh=0, totalEventsHosted=0
[2026-05-18T12:38:18.635Z] Events found: []
[2026-05-18T12:50:30.769Z] Fetching stats for userId: c7d0cbc3-85b3-4d8a-b140-1ca74d604b35
[2026-05-18T12:50:30.794Z] Stats for c7d0cbc3-85b3-4d8a-b140-1ca74d604b35: totalBuwoh=0, totalEventsHosted=3
[2026-05-18T12:50:30.796Z] Events found: [{"id":"201d6b83-e9e2-4f25-b44b-293609497176","title":"dfjk"},{"id":"dc70cebb-b08e-4513-8045-267d69dcb056","title":"itzjgda9"},{"id":"ec510906-94fe-4129-a8fe-7e837ea2e96c","title":"Nagab"}]
[2026-05-18T13:22:25.055Z] Fetching stats for userId: c7d0cbc3-85b3-4d8a-b140-1ca74d604b35
[2026-05-18T13:22:25.327Z] Stats for c7d0cbc3-85b3-4d8a-b140-1ca74d604b35: totalBuwoh=0, totalEventsHosted=3
[2026-05-18T13:22:25.351Z] Events found: [{"id":"201d6b83-e9e2-4f25-b44b-293609497176","title":"dfjk"},{"id":"dc70cebb-b08e-4513-8045-267d69dcb056","title":"itzjgda9"},{"id":"ec510906-94fe-4129-a8fe-7e837ea2e96c","title":"Nagab"}]
[2026-05-18T13:25:10.062Z] Fetching stats for userId: d7a169cb-9a6c-4527-b163-52e5a64dd8b8
[2026-05-18T13:25:10.126Z] Stats for d7a169cb-9a6c-4527-b163-52e5a64dd8b8: totalBuwoh=0, totalEventsHosted=0
[2026-05-18T13:25:10.129Z] Events found: []
[2026-05-18T13:31:53.906Z] Fetching stats for userId: d7a169cb-9a6c-4527-b163-52e5a64dd8b8
[2026-05-18T13:31:53.931Z] Stats for d7a169cb-9a6c-4527-b163-52e5a64dd8b8: totalBuwoh=0, totalEventsHosted=0
[2026-05-18T13:31:53.932Z] Events found: []
[2026-05-18T13:35:03.843Z] Fetching stats for userId: d7a169cb-9a6c-4527-b163-52e5a64dd8b8
[2026-05-18T13:35:03.883Z] Stats for d7a169cb-9a6c-4527-b163-52e5a64dd8b8: totalBuwoh=0, totalEventsHosted=0
[2026-05-18T13:35:03.885Z] Events found: []
[2026-05-18T13:35:06.747Z] Fetching stats for userId: d7a169cb-9a6c-4527-b163-52e5a64dd8b8
[2026-05-18T13:35:06.758Z] Stats for d7a169cb-9a6c-4527-b163-52e5a64dd8b8: totalBuwoh=0, totalEventsHosted=0
[2026-05-18T13:35:06.760Z] Events found: []
[2026-05-18T13:35:08.274Z] Fetching stats for userId: d7a169cb-9a6c-4527-b163-52e5a64dd8b8
[2026-05-18T13:35:08.308Z] Stats for d7a169cb-9a6c-4527-b163-52e5a64dd8b8: totalBuwoh=0, totalEventsHosted=0
[2026-05-18T13:35:08.310Z] Events found: []
[2026-05-18T13:35:13.586Z] Fetching stats for userId: d7a169cb-9a6c-4527-b163-52e5a64dd8b8
[2026-05-18T13:35:13.636Z] Stats for d7a169cb-9a6c-4527-b163-52e5a64dd8b8: totalBuwoh=0, totalEventsHosted=0
[2026-05-18T13:35:13.643Z] Events found: []
[2026-05-18T13:35:15.863Z] Fetching stats for userId: d7a169cb-9a6c-4527-b163-52e5a64dd8b8
[2026-05-18T13:35:15.870Z] Stats for d7a169cb-9a6c-4527-b163-52e5a64dd8b8: totalBuwoh=0, totalEventsHosted=0
[2026-05-18T13:35:15.872Z] Events found: []
[2026-05-18T13:36:05.054Z] Fetching stats for userId: c7d0cbc3-85b3-4d8a-b140-1ca74d604b35
[2026-05-18T13:36:05.084Z] Stats for c7d0cbc3-85b3-4d8a-b140-1ca74d604b35: totalBuwoh=0, totalEventsHosted=3
[2026-05-18T13:36:05.085Z] Events found: [{"id":"201d6b83-e9e2-4f25-b44b-293609497176","title":"dfjk"},{"id":"dc70cebb-b08e-4513-8045-267d69dcb056","title":"itzjgda9"},{"id":"ec510906-94fe-4129-a8fe-7e837ea2e96c","title":"Nagab"}]
[2026-05-18T13:38:16.645Z] Fetching stats for userId: c7d0cbc3-85b3-4d8a-b140-1ca74d604b35
[2026-05-18T13:38:16.668Z] Stats for c7d0cbc3-85b3-4d8a-b140-1ca74d604b35: totalBuwoh=0, totalEventsHosted=3
[2026-05-18T13:38:16.669Z] Events found: [{"id":"201d6b83-e9e2-4f25-b44b-293609497176","title":"dfjk"},{"id":"dc70cebb-b08e-4513-8045-267d69dcb056","title":"itzjgda9"},{"id":"ec510906-94fe-4129-a8fe-7e837ea2e96c","title":"Nagab"}]
[2026-05-18T13:42:39.143Z] Fetching stats for userId: d7a169cb-9a6c-4527-b163-52e5a64dd8b8
[2026-05-18T13:42:39.171Z] Stats for d7a169cb-9a6c-4527-b163-52e5a64dd8b8: totalBuwoh=1, totalEventsHosted=1
[2026-05-18T13:42:39.173Z] Events found: [{"id":"84721232-e6e9-4ad8-84bc-9b0cffcaf541","title":"Viloan"}]
[2026-05-18T13:54:42.446Z] Fetching stats for userId: d7a169cb-9a6c-4527-b163-52e5a64dd8b8
[2026-05-18T13:54:42.510Z] Stats for d7a169cb-9a6c-4527-b163-52e5a64dd8b8: totalBuwoh=1, totalEventsHosted=1
[2026-05-18T13:54:42.512Z] Events found: [{"id":"84721232-e6e9-4ad8-84bc-9b0cffcaf541","title":"Viloan"}]
[2026-05-18T13:55:08.339Z] Fetching stats for userId: d7a169cb-9a6c-4527-b163-52e5a64dd8b8
[2026-05-18T13:55:08.360Z] Stats for d7a169cb-9a6c-4527-b163-52e5a64dd8b8: totalBuwoh=1, totalEventsHosted=1
[2026-05-18T13:55:08.361Z] Events found: [{"id":"84721232-e6e9-4ad8-84bc-9b0cffcaf541","title":"Viloan"}]
[2026-05-18T23:57:34.740Z] Fetching stats for userId: c7d0cbc3-85b3-4d8a-b140-1ca74d604b35
[2026-05-18T23:57:35.009Z] Stats for c7d0cbc3-85b3-4d8a-b140-1ca74d604b35: totalBuwoh=0, totalEventsHosted=3
[2026-05-18T23:57:35.051Z] Events found: [{"id":"201d6b83-e9e2-4f25-b44b-293609497176","title":"dfjk"},{"id":"dc70cebb-b08e-4513-8045-267d69dcb056","title":"itzjgda9"},{"id":"ec510906-94fe-4129-a8fe-7e837ea2e96c","title":"Nagab"}]
[2026-05-19T00:12:35.057Z] Fetching stats for userId: c7d0cbc3-85b3-4d8a-b140-1ca74d604b35
[2026-05-19T00:12:35.074Z] Stats for c7d0cbc3-85b3-4d8a-b140-1ca74d604b35: totalBuwoh=0, totalEventsHosted=4
[2026-05-19T00:12:35.075Z] Events found: [{"id":"201d6b83-e9e2-4f25-b44b-293609497176","title":"dfjk"},{"id":"b9225a46-8e6f-4de0-90df-eeb9c97b7657","title":"RRQDut"},{"id":"dc70cebb-b08e-4513-8045-267d69dcb056","title":"itzjgda9"},{"id":"ec510906-94fe-4129-a8fe-7e837ea2e96c","title":"Nagab"}]
[2026-05-19T00:24:26.150Z] Fetching stats for userId: c7d0cbc3-85b3-4d8a-b140-1ca74d604b35
[2026-05-19T00:24:26.260Z] Stats for c7d0cbc3-85b3-4d8a-b140-1ca74d604b35: totalBuwoh=0, totalEventsHosted=4
[2026-05-19T00:24:26.262Z] Events found: [{"id":"201d6b83-e9e2-4f25-b44b-293609497176","title":"dfjk"},{"id":"b9225a46-8e6f-4de0-90df-eeb9c97b7657","title":"RRQDut"},{"id":"dc70cebb-b08e-4513-8045-267d69dcb056","title":"itzjgda9"},{"id":"ec510906-94fe-4129-a8fe-7e837ea2e96c","title":"Nagab"}]
[2026-05-19T00:35:48.826Z] Fetching stats for userId: c7d0cbc3-85b3-4d8a-b140-1ca74d604b35
[2026-05-19T00:35:48.851Z] Stats for c7d0cbc3-85b3-4d8a-b140-1ca74d604b35: totalBuwoh=0, totalEventsHosted=4
[2026-05-19T00:35:48.853Z] Events found: [{"id":"201d6b83-e9e2-4f25-b44b-293609497176","title":"dfjk"},{"id":"b9225a46-8e6f-4de0-90df-eeb9c97b7657","title":"RRQDut"},{"id":"dc70cebb-b08e-4513-8045-267d69dcb056","title":"itzjgda9"},{"id":"ec510906-94fe-4129-a8fe-7e837ea2e96c","title":"Nagab"}]
[2026-05-19T00:36:33.004Z] Fetching stats for userId: c7d0cbc3-85b3-4d8a-b140-1ca74d604b35
[2026-05-19T00:36:33.016Z] Stats for c7d0cbc3-85b3-4d8a-b140-1ca74d604b35: totalBuwoh=0, totalEventsHosted=4
[2026-05-19T00:36:33.017Z] Events found: [{"id":"201d6b83-e9e2-4f25-b44b-293609497176","title":"dfjk"},{"id":"b9225a46-8e6f-4de0-90df-eeb9c97b7657","title":"RRQDut"},{"id":"dc70cebb-b08e-4513-8045-267d69dcb056","title":"itzjgda9"},{"id":"ec510906-94fe-4129-a8fe-7e837ea2e96c","title":"Nagab"}]
[2026-05-19T00:37:21.780Z] Fetching stats for userId: c7d0cbc3-85b3-4d8a-b140-1ca74d604b35
[2026-05-19T00:37:21.806Z] Stats for c7d0cbc3-85b3-4d8a-b140-1ca74d604b35: totalBuwoh=0, totalEventsHosted=4
[2026-05-19T00:37:21.808Z] Events found: [{"id":"201d6b83-e9e2-4f25-b44b-293609497176","title":"dfjk"},{"id":"b9225a46-8e6f-4de0-90df-eeb9c97b7657","title":"RRQDut"},{"id":"dc70cebb-b08e-4513-8045-267d69dcb056","title":"itzjgda9"},{"id":"ec510906-94fe-4129-a8fe-7e837ea2e96c","title":"Nagab"}]
[2026-05-19T00:43:39.131Z] Fetching stats for userId: d7a169cb-9a6c-4527-b163-52e5a64dd8b8
[2026-05-19T00:43:39.146Z] Stats for d7a169cb-9a6c-4527-b163-52e5a64dd8b8: totalBuwoh=1, totalEventsHosted=1
[2026-05-19T00:43:39.148Z] Events found: [{"id":"84721232-e6e9-4ad8-84bc-9b0cffcaf541","title":"Viloan"}]
[2026-05-19T00:54:43.900Z] Fetching stats for userId: d7a169cb-9a6c-4527-b163-52e5a64dd8b8
[2026-05-19T00:54:43.968Z] Stats for d7a169cb-9a6c-4527-b163-52e5a64dd8b8: totalBuwoh=1, totalEventsHosted=1
[2026-05-19T00:54:43.970Z] Events found: [{"id":"84721232-e6e9-4ad8-84bc-9b0cffcaf541","title":"Viloan"}]
[2026-05-19T01:13:34.936Z] Fetching stats for userId: d7a169cb-9a6c-4527-b163-52e5a64dd8b8
[2026-05-19T01:13:35.025Z] Stats for d7a169cb-9a6c-4527-b163-52e5a64dd8b8: totalBuwoh=1, totalEventsHosted=1
[2026-05-19T01:13:35.028Z] Events found: [{"id":"84721232-e6e9-4ad8-84bc-9b0cffcaf541","title":"Viloan"}]
[2026-05-19T04:29:11.759Z] Fetching stats for userId: fab87a53-f624-4026-8c19-dab2298eb1be
[2026-05-19T04:29:11.855Z] Stats for fab87a53-f624-4026-8c19-dab2298eb1be: totalBuwoh=0, totalEventsHosted=0
[2026-05-19T04:29:11.856Z] Events found: []
[2026-05-19T04:32:29.871Z] Fetching stats for userId: c7d0cbc3-85b3-4d8a-b140-1ca74d604b35
[2026-05-19T04:32:29.962Z] Stats for c7d0cbc3-85b3-4d8a-b140-1ca74d604b35: totalBuwoh=0, totalEventsHosted=4
[2026-05-19T04:32:29.964Z] Events found: [{"id":"201d6b83-e9e2-4f25-b44b-293609497176","title":"dfjk"},{"id":"b9225a46-8e6f-4de0-90df-eeb9c97b7657","title":"RRQDut"},{"id":"dc70cebb-b08e-4513-8045-267d69dcb056","title":"itzjgda9"},{"id":"ec510906-94fe-4129-a8fe-7e837ea2e96c","title":"Nagab"}]
[2026-05-19T04:32:52.452Z] Fetching stats for userId: c7d0cbc3-85b3-4d8a-b140-1ca74d604b35
[2026-05-19T04:32:52.464Z] Stats for c7d0cbc3-85b3-4d8a-b140-1ca74d604b35: totalBuwoh=0, totalEventsHosted=4
[2026-05-19T04:32:52.466Z] Events found: [{"id":"201d6b83-e9e2-4f25-b44b-293609497176","title":"dfjk"},{"id":"b9225a46-8e6f-4de0-90df-eeb9c97b7657","title":"RRQDut"},{"id":"dc70cebb-b08e-4513-8045-267d69dcb056","title":"itzjgda9"},{"id":"ec510906-94fe-4129-a8fe-7e837ea2e96c","title":"Nagab"}]
[2026-05-19T04:34:15.826Z] Fetching stats for userId: fab87a53-f624-4026-8c19-dab2298eb1be
[2026-05-19T04:34:15.842Z] Stats for fab87a53-f624-4026-8c19-dab2298eb1be: totalBuwoh=0, totalEventsHosted=1
[2026-05-19T04:34:15.844Z] Events found: [{"id":"7854d469-954b-48ef-b76f-2d943c8bef51","title":"Syukuran"}]
[2026-05-19T04:35:15.360Z] Fetching stats for userId: c7d0cbc3-85b3-4d8a-b140-1ca74d604b35
[2026-05-19T04:35:15.394Z] Stats for c7d0cbc3-85b3-4d8a-b140-1ca74d604b35: totalBuwoh=1, totalEventsHosted=4
[2026-05-19T04:35:15.396Z] Events found: [{"id":"201d6b83-e9e2-4f25-b44b-293609497176","title":"dfjk"},{"id":"b9225a46-8e6f-4de0-90df-eeb9c97b7657","title":"RRQDut"},{"id":"dc70cebb-b08e-4513-8045-267d69dcb056","title":"itzjgda9"},{"id":"ec510906-94fe-4129-a8fe-7e837ea2e96c","title":"Nagab"}]
[2026-05-24T12:39:58.429Z] Fetching stats for userId: 8f0f9216-a904-471a-ac0b-5bbd45173afd
[2026-05-24T12:39:58.490Z] Stats for 8f0f9216-a904-471a-ac0b-5bbd45173afd: totalBuwoh=0, totalEventsHosted=0
[2026-05-24T12:39:58.492Z] Events found: []
[2026-05-24T12:43:17.424Z] Fetching stats for userId: 1d0d37b2-2044-49ff-ad12-4cedbeb2c8f3
[2026-05-24T12:43:17.507Z] Stats for 1d0d37b2-2044-49ff-ad12-4cedbeb2c8f3: totalBuwoh=0, totalEventsHosted=0
[2026-05-24T12:43:17.509Z] Events found: []
[2026-05-24T13:00:59.752Z] Fetching stats for userId: 8f0f9216-a904-471a-ac0b-5bbd45173afd
[2026-05-24T13:00:59.806Z] Stats for 8f0f9216-a904-471a-ac0b-5bbd45173afd: totalBuwoh=0, totalEventsHosted=0
[2026-05-24T13:00:59.807Z] Events found: []
[2026-05-24T13:02:49.583Z] Fetching stats for userId: 8f0f9216-a904-471a-ac0b-5bbd45173afd
[2026-05-24T13:02:49.603Z] Stats for 8f0f9216-a904-471a-ac0b-5bbd45173afd: totalBuwoh=0, totalEventsHosted=0
[2026-05-24T13:02:49.605Z] Events found: []
[2026-05-24T13:07:36.536Z] Fetching stats for userId: 8f0f9216-a904-471a-ac0b-5bbd45173afd
[2026-05-24T13:07:36.553Z] Stats for 8f0f9216-a904-471a-ac0b-5bbd45173afd: totalBuwoh=0, totalEventsHosted=0
[2026-05-24T13:07:36.554Z] Events found: []
[2026-05-24T13:37:04.602Z] Fetching stats for userId: 8f0f9216-a904-471a-ac0b-5bbd45173afd
[2026-05-24T13:37:04.629Z] Stats for 8f0f9216-a904-471a-ac0b-5bbd45173afd: totalBuwoh=0, totalEventsHosted=1
[2026-05-24T13:37:04.632Z] Events found: [{"id":"75cea5f7-da9e-42ce-a024-97e63e1f8be6","title":"Pernikahan Aiko & Hiroshi"}]
[2026-05-24T13:42:48.315Z] Fetching stats for userId: 1d0d37b2-2044-49ff-ad12-4cedbeb2c8f3
[2026-05-24T13:42:48.400Z] Stats for 1d0d37b2-2044-49ff-ad12-4cedbeb2c8f3: totalBuwoh=0, totalEventsHosted=0
[2026-05-24T13:42:48.401Z] Events found: []
[2026-05-24T13:44:07.279Z] Fetching stats for userId: 8f0f9216-a904-471a-ac0b-5bbd45173afd
[2026-05-24T13:44:07.311Z] Stats for 8f0f9216-a904-471a-ac0b-5bbd45173afd: totalBuwoh=0, totalEventsHosted=1
[2026-05-24T13:44:07.312Z] Events found: [{"id":"75cea5f7-da9e-42ce-a024-97e63e1f8be6","title":"Pernikahan Aiko & Hiroshi"}]
[2026-05-24T13:58:32.503Z] Fetching stats for userId: 8f0f9216-a904-471a-ac0b-5bbd45173afd
[2026-05-24T13:58:32.554Z] Stats for 8f0f9216-a904-471a-ac0b-5bbd45173afd: totalBuwoh=0, totalEventsHosted=1
[2026-05-24T13:58:32.560Z] Events found: [{"id":"75cea5f7-da9e-42ce-a024-97e63e1f8be6","title":"Pernikahan Aiko & Hiroshi"}]
[2026-05-24T14:08:20.947Z] Fetching stats for userId: daf1b69c-78ee-4be6-bfb4-f5d6b810265d
[2026-05-24T14:08:20.979Z] Stats for daf1b69c-78ee-4be6-bfb4-f5d6b810265d: totalBuwoh=0, totalEventsHosted=0
[2026-05-24T14:08:20.981Z] Events found: []
[2026-05-24T14:09:50.913Z] Fetching stats for userId: 8f0f9216-a904-471a-ac0b-5bbd45173afd
[2026-05-24T14:09:50.933Z] Stats for 8f0f9216-a904-471a-ac0b-5bbd45173afd: totalBuwoh=0, totalEventsHosted=2
[2026-05-24T14:09:50.935Z] Events found: [{"id":"75cea5f7-da9e-42ce-a024-97e63e1f8be6","title":"Pernikahan Aiko & Hiroshi"},{"id":"e64bbefe-4547-4d8a-9d06-c1814aa5ef35","title":"Test 1"}]
[2026-05-24T14:17:40.354Z] Fetching stats for userId: daf1b69c-78ee-4be6-bfb4-f5d6b810265d
[2026-05-24T14:17:40.403Z] Stats for daf1b69c-78ee-4be6-bfb4-f5d6b810265d: totalBuwoh=1, totalEventsHosted=0
[2026-05-24T14:17:40.405Z] Events found: []
[2026-05-24T14:41:03.937Z] Fetching stats for userId: daf1b69c-78ee-4be6-bfb4-f5d6b810265d
[2026-05-24T14:41:04.249Z] Stats for daf1b69c-78ee-4be6-bfb4-f5d6b810265d: totalBuwoh=1, totalEventsHosted=0
[2026-05-24T14:41:04.251Z] Events found: []
[2026-05-24T14:47:24.868Z] Fetching stats for userId: daf1b69c-78ee-4be6-bfb4-f5d6b810265d
[2026-05-24T14:47:24.921Z] Stats for daf1b69c-78ee-4be6-bfb4-f5d6b810265d: totalBuwoh=1, totalEventsHosted=0
[2026-05-24T14:47:24.924Z] Events found: []
[2026-05-24T14:47:34.460Z] Fetching stats for userId: daf1b69c-78ee-4be6-bfb4-f5d6b810265d
[2026-05-24T14:47:34.470Z] Stats for daf1b69c-78ee-4be6-bfb4-f5d6b810265d: totalBuwoh=1, totalEventsHosted=0
[2026-05-24T14:47:34.472Z] Events found: []
[2026-05-24T14:48:05.678Z] Fetching stats for userId: daf1b69c-78ee-4be6-bfb4-f5d6b810265d
[2026-05-24T14:48:05.687Z] Stats for daf1b69c-78ee-4be6-bfb4-f5d6b810265d: totalBuwoh=1, totalEventsHosted=0
[2026-05-24T14:48:05.688Z] Events found: []
[2026-05-24T14:48:07.063Z] Fetching stats for userId: daf1b69c-78ee-4be6-bfb4-f5d6b810265d
[2026-05-24T14:48:07.101Z] Stats for daf1b69c-78ee-4be6-bfb4-f5d6b810265d: totalBuwoh=1, totalEventsHosted=0
[2026-05-24T14:48:07.102Z] Events found: []
[2026-05-24T14:50:30.968Z] Fetching stats for userId: daf1b69c-78ee-4be6-bfb4-f5d6b810265d
[2026-05-24T14:50:31.010Z] Stats for daf1b69c-78ee-4be6-bfb4-f5d6b810265d: totalBuwoh=1, totalEventsHosted=0
[2026-05-24T14:50:31.012Z] Events found: []
[2026-05-24T14:55:57.551Z] Fetching stats for userId: daf1b69c-78ee-4be6-bfb4-f5d6b810265d
[2026-05-24T14:55:57.594Z] Stats for daf1b69c-78ee-4be6-bfb4-f5d6b810265d: totalBuwoh=1, totalEventsHosted=0
[2026-05-24T14:55:57.596Z] Events found: []
[2026-05-24T14:55:59.230Z] Fetching stats for userId: daf1b69c-78ee-4be6-bfb4-f5d6b810265d
[2026-05-24T14:55:59.359Z] Stats for daf1b69c-78ee-4be6-bfb4-f5d6b810265d: totalBuwoh=1, totalEventsHosted=0
[2026-05-24T14:55:59.400Z] Events found: []
[2026-05-24T14:56:36.379Z] Fetching stats for userId: daf1b69c-78ee-4be6-bfb4-f5d6b810265d
[2026-05-24T14:56:36.386Z] Stats for daf1b69c-78ee-4be6-bfb4-f5d6b810265d: totalBuwoh=1, totalEventsHosted=0
[2026-05-24T14:56:36.387Z] Events found: []
[2026-05-24T14:56:43.933Z] Fetching stats for userId: daf1b69c-78ee-4be6-bfb4-f5d6b810265d
[2026-05-24T14:56:43.943Z] Stats for daf1b69c-78ee-4be6-bfb4-f5d6b810265d: totalBuwoh=1, totalEventsHosted=0
[2026-05-24T14:56:43.945Z] Events found: []
[2026-05-24T14:56:48.057Z] Fetching stats for userId: daf1b69c-78ee-4be6-bfb4-f5d6b810265d
[2026-05-24T14:56:48.066Z] Stats for daf1b69c-78ee-4be6-bfb4-f5d6b810265d: totalBuwoh=1, totalEventsHosted=0
[2026-05-24T14:56:48.067Z] Events found: []
[2026-05-24T14:56:49.357Z] Fetching stats for userId: daf1b69c-78ee-4be6-bfb4-f5d6b810265d
[2026-05-24T14:56:49.366Z] Stats for daf1b69c-78ee-4be6-bfb4-f5d6b810265d: totalBuwoh=1, totalEventsHosted=0
[2026-05-24T14:56:49.367Z] Events found: []
[2026-05-24T14:57:00.164Z] Fetching stats for userId: daf1b69c-78ee-4be6-bfb4-f5d6b810265d
[2026-05-24T14:57:00.172Z] Stats for daf1b69c-78ee-4be6-bfb4-f5d6b810265d: totalBuwoh=1, totalEventsHosted=0
[2026-05-24T14:57:00.173Z] Events found: []
[2026-05-24T14:59:33.186Z] Fetching stats for userId: daf1b69c-78ee-4be6-bfb4-f5d6b810265d
[2026-05-24T14:59:33.197Z] Stats for daf1b69c-78ee-4be6-bfb4-f5d6b810265d: totalBuwoh=1, totalEventsHosted=0
[2026-05-24T14:59:33.198Z] Events found: []
[2026-05-24T14:59:55.116Z] Fetching stats for userId: 8f0f9216-a904-471a-ac0b-5bbd45173afd
[2026-05-24T14:59:55.142Z] Stats for 8f0f9216-a904-471a-ac0b-5bbd45173afd: totalBuwoh=0, totalEventsHosted=2
[2026-05-24T14:59:55.144Z] Events found: [{"id":"75cea5f7-da9e-42ce-a024-97e63e1f8be6","title":"Pernikahan Aiko & Hiroshi"},{"id":"e64bbefe-4547-4d8a-9d06-c1814aa5ef35","title":"Test 1"}]
[2026-05-24T14:59:58.355Z] Fetching stats for userId: 8f0f9216-a904-471a-ac0b-5bbd45173afd
[2026-05-24T14:59:58.368Z] Stats for 8f0f9216-a904-471a-ac0b-5bbd45173afd: totalBuwoh=0, totalEventsHosted=2
[2026-05-24T14:59:58.370Z] Events found: [{"id":"75cea5f7-da9e-42ce-a024-97e63e1f8be6","title":"Pernikahan Aiko & Hiroshi"},{"id":"e64bbefe-4547-4d8a-9d06-c1814aa5ef35","title":"Test 1"}]
[2026-05-24T15:01:01.069Z] Fetching stats for userId: daf1b69c-78ee-4be6-bfb4-f5d6b810265d
[2026-05-24T15:01:01.197Z] Stats for daf1b69c-78ee-4be6-bfb4-f5d6b810265d: totalBuwoh=1, totalEventsHosted=0
[2026-05-24T15:01:01.199Z] Events found: []
[2026-05-24T23:06:38.601Z] Fetching stats for userId: daf1b69c-78ee-4be6-bfb4-f5d6b810265d
[2026-05-24T23:06:38.878Z] Stats for daf1b69c-78ee-4be6-bfb4-f5d6b810265d: totalBuwoh=1, totalEventsHosted=0
[2026-05-24T23:06:38.889Z] Events found: []
[2026-05-24T23:20:21.276Z] Fetching stats for userId: daf1b69c-78ee-4be6-bfb4-f5d6b810265d
[2026-05-24T23:20:21.517Z] Stats for daf1b69c-78ee-4be6-bfb4-f5d6b810265d: totalBuwoh=1, totalEventsHosted=0
[2026-05-24T23:20:21.519Z] Events found: []
[2026-05-24T23:41:21.386Z] Fetching stats for userId: daf1b69c-78ee-4be6-bfb4-f5d6b810265d
[2026-05-24T23:41:21.420Z] Stats for daf1b69c-78ee-4be6-bfb4-f5d6b810265d: totalBuwoh=1, totalEventsHosted=0
[2026-05-24T23:41:21.424Z] Events found: []
[2026-05-24T23:41:35.293Z] Fetching stats for userId: daf1b69c-78ee-4be6-bfb4-f5d6b810265d
[2026-05-24T23:41:35.316Z] Stats for daf1b69c-78ee-4be6-bfb4-f5d6b810265d: totalBuwoh=1, totalEventsHosted=0
[2026-05-24T23:41:35.318Z] Events found: []
[2026-05-25T00:05:35.971Z] Fetching stats for userId: 82dc836c-d5f4-4f59-bc98-d7f18793e904
[2026-05-25T00:05:36.208Z] Stats for 82dc836c-d5f4-4f59-bc98-d7f18793e904: totalBuwoh=0, totalEventsHosted=0
[2026-05-25T00:05:36.222Z] Events found: []
[2026-05-25T00:09:20.808Z] Fetching stats for userId: 93fb4b71-7853-4985-a1e3-9db7ed222d2c
[2026-05-25T00:09:20.841Z] Stats for 93fb4b71-7853-4985-a1e3-9db7ed222d2c: totalBuwoh=0, totalEventsHosted=0
[2026-05-25T00:09:20.842Z] Events found: []
[2026-05-25T00:13:15.315Z] Fetching stats for userId: 01e2c7e2-612f-43e8-8e27-5d30e3d7ff99
[2026-05-25T00:13:15.397Z] Stats for 01e2c7e2-612f-43e8-8e27-5d30e3d7ff99: totalBuwoh=0, totalEventsHosted=0
[2026-05-25T00:13:15.401Z] Events found: []
[2026-05-25T00:20:40.344Z] Fetching stats for userId: 01e2c7e2-612f-43e8-8e27-5d30e3d7ff99
[2026-05-25T00:20:40.375Z] Stats for 01e2c7e2-612f-43e8-8e27-5d30e3d7ff99: totalBuwoh=0, totalEventsHosted=1
[2026-05-25T00:20:40.378Z] Events found: [{"id":"a99ef4f4-20d4-4c68-8473-e151e635a6c4","title":"Lamaran Rina & Reza"}]
[2026-05-25T00:20:55.275Z] Fetching stats for userId: 93fb4b71-7853-4985-a1e3-9db7ed222d2c
[2026-05-25T00:20:55.287Z] Stats for 93fb4b71-7853-4985-a1e3-9db7ed222d2c: totalBuwoh=0, totalEventsHosted=0
[2026-05-25T00:20:55.289Z] Events found: []
[2026-05-25T00:24:29.186Z] Fetching stats for userId: 82dc836c-d5f4-4f59-bc98-d7f18793e904
[2026-05-25T00:24:29.213Z] Stats for 82dc836c-d5f4-4f59-bc98-d7f18793e904: totalBuwoh=0, totalEventsHosted=0
[2026-05-25T00:24:29.217Z] Events found: []
[2026-05-25T00:29:04.905Z] Fetching stats for userId: 82dc836c-d5f4-4f59-bc98-d7f18793e904
[2026-05-25T00:29:04.967Z] Stats for 82dc836c-d5f4-4f59-bc98-d7f18793e904: totalBuwoh=0, totalEventsHosted=1
[2026-05-25T00:29:04.969Z] Events found: [{"id":"2b1128b1-ffc1-41e1-891a-85f2fe391ea9","title":"Acara Pernikahan Andi dan Citra"}]
[2026-05-25T00:29:30.654Z] Fetching stats for userId: 01e2c7e2-612f-43e8-8e27-5d30e3d7ff99
[2026-05-25T00:29:30.671Z] Stats for 01e2c7e2-612f-43e8-8e27-5d30e3d7ff99: totalBuwoh=0, totalEventsHosted=1
[2026-05-25T00:29:30.672Z] Events found: [{"id":"a99ef4f4-20d4-4c68-8473-e151e635a6c4","title":"Lamaran Rina & Reza"}]
[2026-05-25T00:30:16.817Z] Fetching stats for userId: 01e2c7e2-612f-43e8-8e27-5d30e3d7ff99
[2026-05-25T00:30:16.835Z] Stats for 01e2c7e2-612f-43e8-8e27-5d30e3d7ff99: totalBuwoh=0, totalEventsHosted=1
[2026-05-25T00:30:16.838Z] Events found: [{"id":"a99ef4f4-20d4-4c68-8473-e151e635a6c4","title":"Lamaran Rina & Reza"}]
[2026-05-25T00:32:01.783Z] Fetching stats for userId: 82dc836c-d5f4-4f59-bc98-d7f18793e904
[2026-05-25T00:32:01.804Z] Stats for 82dc836c-d5f4-4f59-bc98-d7f18793e904: totalBuwoh=0, totalEventsHosted=1
[2026-05-25T00:32:01.805Z] Events found: [{"id":"2b1128b1-ffc1-41e1-891a-85f2fe391ea9","title":"Acara Pernikahan Andi dan Citra"}]
[2026-05-25T00:32:37.224Z] Fetching stats for userId: 82dc836c-d5f4-4f59-bc98-d7f18793e904
[2026-05-25T00:32:37.241Z] Stats for 82dc836c-d5f4-4f59-bc98-d7f18793e904: totalBuwoh=0, totalEventsHosted=1
[2026-05-25T00:32:37.242Z] Events found: [{"id":"2b1128b1-ffc1-41e1-891a-85f2fe391ea9","title":"Acara Pernikahan Andi dan Citra"}]
[2026-05-25T00:33:12.135Z] Fetching stats for userId: 01e2c7e2-612f-43e8-8e27-5d30e3d7ff99
[2026-05-25T00:33:12.201Z] Stats for 01e2c7e2-612f-43e8-8e27-5d30e3d7ff99: totalBuwoh=1, totalEventsHosted=1
[2026-05-25T00:33:12.202Z] Events found: [{"id":"a99ef4f4-20d4-4c68-8473-e151e635a6c4","title":"Lamaran Rina & Reza"}]
[2026-05-25T00:48:29.398Z] Fetching stats for userId: 01e2c7e2-612f-43e8-8e27-5d30e3d7ff99
[2026-05-25T00:48:29.469Z] Stats for 01e2c7e2-612f-43e8-8e27-5d30e3d7ff99: totalBuwoh=1, totalEventsHosted=1
[2026-05-25T00:48:29.471Z] Events found: [{"id":"a99ef4f4-20d4-4c68-8473-e151e635a6c4","title":"Lamaran Rina & Reza"}]
[2026-05-27T11:06:34.646Z] Fetching stats for userId: 01e2c7e2-612f-43e8-8e27-5d30e3d7ff99
[2026-05-27T11:06:34.729Z] Stats for 01e2c7e2-612f-43e8-8e27-5d30e3d7ff99: totalBuwoh=1, totalEventsHosted=1
[2026-05-27T11:06:34.731Z] Events found: [{"id":"a99ef4f4-20d4-4c68-8473-e151e635a6c4","title":"Lamaran Rina & Reza"}]
[2026-05-27T11:07:08.709Z] Fetching stats for userId: 93fb4b71-7853-4985-a1e3-9db7ed222d2c
[2026-05-27T11:07:08.755Z] Stats for 93fb4b71-7853-4985-a1e3-9db7ed222d2c: totalBuwoh=0, totalEventsHosted=1
[2026-05-27T11:07:08.756Z] Events found: [{"id":"79566d13-65af-4206-bec4-b3d6e3ab84da","title":"Acara Ulang Tahun Sinta"}]
[2026-05-27T11:07:11.042Z] Fetching stats for userId: 93fb4b71-7853-4985-a1e3-9db7ed222d2c
[2026-05-27T11:07:11.061Z] Stats for 93fb4b71-7853-4985-a1e3-9db7ed222d2c: totalBuwoh=0, totalEventsHosted=1
[2026-05-27T11:07:11.063Z] Events found: [{"id":"79566d13-65af-4206-bec4-b3d6e3ab84da","title":"Acara Ulang Tahun Sinta"}]
[2026-05-27T11:07:12.440Z] Fetching stats for userId: 93fb4b71-7853-4985-a1e3-9db7ed222d2c
[2026-05-27T11:07:12.447Z] Stats for 93fb4b71-7853-4985-a1e3-9db7ed222d2c: totalBuwoh=0, totalEventsHosted=1
[2026-05-27T11:07:12.449Z] Events found: [{"id":"79566d13-65af-4206-bec4-b3d6e3ab84da","title":"Acara Ulang Tahun Sinta"}]
[2026-05-27T11:07:41.166Z] Fetching stats for userId: 82dc836c-d5f4-4f59-bc98-d7f18793e904
[2026-05-27T11:07:41.217Z] Stats for 82dc836c-d5f4-4f59-bc98-d7f18793e904: totalBuwoh=0, totalEventsHosted=1
[2026-05-27T11:07:41.219Z] Events found: [{"id":"2b1128b1-ffc1-41e1-891a-85f2fe391ea9","title":"Acara Pernikahan Andi dan Citra"}]
